cold bench start
12:55:33 distilgpt2 cold rep 1/12 load=2.15s tok1=0.16s
12:56:05 distilgpt2 cold rep 2/12 load=1.52s tok1=0.03s
12:56:34 distilgpt2 cold rep 3/12 load=1.49s tok1=0.03s
12:57:03 distilgpt2 cold rep 4/12 load=1.45s tok1=0.03s
12:57:33 distilgpt2 cold rep 5/12 load=1.47s tok1=0.04s
12:58:02 distilgpt2 cold rep 6/12 load=1.56s tok1=0.03s
12:58:31 distilgpt2 cold rep 7/12 load=1.47s tok1=0.03s
12:59:00 distilgpt2 cold rep 8/12 load=1.45s tok1=0.03s
12:59:29 distilgpt2 cold rep 9/12 load=1.53s tok1=0.03s
12:59:58 distilgpt2 cold rep 10/12 load=1.47s tok1=0.03s
13:00:29 distilgpt2 cold rep 11/12 load=1.51s tok1=0.04s
13:00:59 distilgpt2 cold rep 12/12 load=1.53s tok1=0.03s
13:01:38 gpt2-medium cold rep 1/12 load=4.75s tok1=0.13s
13:02:12 gpt2-medium cold rep 2/12 load=4.71s tok1=0.13s
13:02:46 gpt2-medium cold rep 3/12 load=4.80s tok1=0.13s
13:03:18 gpt2-medium cold rep 4/12 load=4.70s tok1=0.15s
13:03:50 gpt2-medium cold rep 5/12 load=4.66s tok1=0.12s
13:04:23 gpt2-medium cold rep 6/12 load=4.64s tok1=0.15s
13:04:56 gpt2-medium cold rep 7/12 load=4.63s tok1=0.15s
13:05:28 gpt2-medium cold rep 8/12 load=4.70s tok1=0.14s
13:06:02 gpt2-medium cold rep 9/12 load=4.88s tok1=0.14s
13:06:35 gpt2-medium cold rep 10/12 load=4.66s tok1=0.13s
13:07:08 gpt2-medium cold rep 11/12 load=4.70s tok1=0.11s
13:07:42 gpt2-medium cold rep 12/12 load=4.79s tok1=0.15s
13:08:29 TinyLlama/TinyLlama-1.1B-Chat-v1.0 cold rep 1/12 load=6.83s tok1=1.60s
13:09:06 TinyLlama/TinyLlama-1.1B-Chat-v1.0 cold rep 2/12 load=6.74s tok1=1.33s
13:09:46 TinyLlama/TinyLlama-1.1B-Chat-v1.0 cold rep 3/12 load=7.11s tok1=1.40s
13:10:25 TinyLlama/TinyLlama-1.1B-Chat-v1.0 cold rep 4/12 load=6.97s tok1=1.30s
13:11:03 TinyLlama/TinyLlama-1.1B-Chat-v1.0 cold rep 5/12 load=6.95s tok1=1.41s
13:11:41 TinyLlama/TinyLlama-1.1B-Chat-v1.0 cold rep 6/12 load=6.64s tok1=1.34s
13:12:20 TinyLlama/TinyLlama-1.1B-Chat-v1.0 cold rep 7/12 load=6.82s tok1=1.41s
13:12:58 TinyLlama/TinyLlama-1.1B-Chat-v1.0 cold rep 8/12 load=6.97s tok1=1.45s
13:13:36 TinyLlama/TinyLlama-1.1B-Chat-v1.0 cold rep 9/12 load=6.96s tok1=1.43s
13:14:15 TinyLlama/TinyLlama-1.1B-Chat-v1.0 cold rep 10/12 load=6.98s tok1=1.37s
13:14:54 TinyLlama/TinyLlama-1.1B-Chat-v1.0 cold rep 11/12 load=6.78s tok1=1.29s
13:15:32 TinyLlama/TinyLlama-1.1B-Chat-v1.0 cold rep 12/12 load=6.79s tok1=1.38s
13:15:32 COLD ALL DONE
